// Bun Snapshot v1, https://goo.gl/fbAQLP

exports[`Render DOT Samples Render DOT 1`] = `
"<p>Here's a DOT snippet!</p>
<pre><code class="language-dot">digraph G {

  subgraph cluster_0 {
    style=filled;
    color=lightgrey;
    node [style=filled,color=white];
    a0 -&gt; a1 -&gt; a2 -&gt; a3;
    label = &quot;process #1&quot;;
  }

  subgraph cluster_1 {
    node [style=filled];
    b0 -&gt; b1 -&gt; b2 -&gt; b3;
    label = &quot;process #2&quot;;
    color=blue
  }
  start -&gt; a0;
  start -&gt; b0;
  a1 -&gt; b3;
  b2 -&gt; a3;
  a3 -&gt; a0;
  a3 -&gt; end;
  b3 -&gt; end;

  start [shape=Mdiamond];
  end [shape=Msquare];
}
</code></pre>
"
`;

exports[`Render DOT-CFG Samples Render CFG 1`] = `
"<div class="undefined"><?xml version="1.0" encoding="UTF-8" standalone="no"?>
<!DOCTYPE svg PUBLIC "-//W3C//DTD SVG 1.1//EN"
 "http://www.w3.org/Graphics/SVG/1.1/DTD/svg11.dtd">
<!-- Generated by graphviz version 12.2.1 (0)
 -->
<!-- Pages: 1 -->
<svg width="215pt" height="485pt"
 viewBox="0.00 0.00 215.00 484.58" xmlns="http://www.w3.org/2000/svg" xmlns:xlink="http://www.w3.org/1999/xlink">
<g id="graph0" class="graph" transform="scale(1 1) rotate(0) translate(4 480.58)">
<polygon fill="#1e1e1e" stroke="none" points="-4,4 -4,-480.58 211,-480.58 211,4 -4,4"/>
<!-- entry -->
<g id="node1" class="node entry">
<title>entry</title>
<polygon fill="#48ab30" stroke="#000000" points="36,-453.02 63,-440.58 90,-453.02 89.97,-473.14 36.03,-473.14 36,-453.02"/>
</g>
<!-- stmt1 -->
<g id="node8" class="node default">
<title>stmt1</title>
<polygon fill="#707070" stroke="#000000" points="90,-404.58 36,-404.58 36,-382.98 90,-382.98 90,-404.58"/>
</g>
<!-- entry&#45;&gt;stmt1 -->
<g id="edge1" class="edge regular">
<title>entry:s&#45;&gt;stmt1:n</title>
<path fill="none" stroke="#2592a1" d="M63,-440.58C63,-429.21 63,-423.9 63,-416.03"/>
<polygon fill="#2592a1" stroke="#2592a1" points="66.5,-416.09 63,-406.09 59.5,-416.09 66.5,-416.09"/>
</g>
<!-- return1 -->
<g id="node2" class="node exit">
<title>return1</title>
<polygon fill="#ab3030" stroke="#000000" points="54,-330.94 27,-343.38 0,-330.94 0.03,-310.82 53.97,-310.82 54,-330.94"/>
</g>
<!-- return2 -->
<g id="node3" class="node exit">
<title>return2</title>
<polygon fill="#ab3030" stroke="#000000" points="90,-251.74 63,-264.18 36,-251.74 36.03,-231.62 89.97,-231.62 90,-251.74"/>
</g>
<!-- return4_2 -->
<g id="node4" class="node exit">
<title>return4_2</title>
<polygon fill="#ab3030" stroke="#000000" points="207,-46.54 180,-58.98 153,-46.54 153.03,-26.42 206.97,-26.42 207,-46.54"/>
</g>
<!-- stmt2 -->
<g id="node5" class="node default">
<title>stmt2</title>
<polygon fill="#707070" stroke="#000000" points="126,-346.98 72,-346.98 72,-303.78 126,-303.78 126,-346.98"/>
</g>
<!-- stmt2&#45;&gt;return2 -->
<g id="edge4" class="edge consequence">
<title>stmt2:s&#45;&gt;return2:n</title>
<path fill="none" stroke="#4ce34c" d="M99,-303.78C99,-285.17 76.14,-286.74 66.85,-276.33"/>
<polygon fill="#4ce34c" stroke="#4ce34c" points="70.16,-275.18 63.51,-266.93 63.56,-277.52 70.16,-275.18"/>
</g>
<!-- stmt3 -->
<g id="node6" class="node default">
<title>stmt3</title>
<polygon fill="#707070" stroke="#000000" points="162,-267.78 108,-267.78 108,-224.58 162,-224.58 162,-267.78"/>
</g>
<!-- stmt2&#45;&gt;stmt3 -->
<g id="edge5" class="edge alternative">
<title>stmt2:s&#45;&gt;stmt3:n</title>
<path fill="none" stroke="#ff3e3e" d="M99,-303.78C99,-285.93 121.41,-287.92 130.87,-278.44"/>
<polygon fill="#ff3e3e" stroke="#ff3e3e" points="134.11,-279.78 134.45,-269.19 127.58,-277.25 134.11,-279.78"/>
</g>
<!-- stmt4_1 -->
<g id="node9" class="node default">
<title>stmt4_1</title>
<polygon fill="#707070" stroke="#000000" points="162,-188.58 108,-188.58 108,-166.98 162,-166.98 162,-188.58"/>
</g>
<!-- stmt3&#45;&gt;stmt4_1 -->
<g id="edge6" class="edge regular">
<title>stmt3:s&#45;&gt;stmt4_1:n</title>
<path fill="none" stroke="#2592a1" d="M135,-224.58C135,-213.21 135,-207.9 135,-200.03"/>
<polygon fill="#2592a1" stroke="#2592a1" points="138.5,-200.09 135,-190.09 131.5,-200.09 138.5,-200.09"/>
</g>
<!-- stmt4_4 -->
<g id="node7" class="node default">
<title>stmt4_4</title>
<polygon fill="#707070" stroke="#000000" points="135,-73.38 81,-73.38 81,-8.58 135,-8.58 135,-73.38"/>
</g>
<!-- stmt1&#45;&gt;return1 -->
<g id="edge2" class="edge consequence">
<title>stmt1:s&#45;&gt;return1:n</title>
<path fill="none" stroke="#4ce34c" d="M63,-382.98C63,-364.37 40.14,-365.94 30.85,-355.53"/>
<polygon fill="#4ce34c" stroke="#4ce34c" points="34.16,-354.38 27.51,-346.13 27.56,-356.72 34.16,-354.38"/>
</g>
<!-- stmt1&#45;&gt;stmt2 -->
<g id="edge3" class="edge alternative">
<title>stmt1:s&#45;&gt;stmt2:n</title>
<path fill="none" stroke="#ff3e3e" d="M63,-382.98C63,-365.13 85.41,-367.12 94.87,-357.64"/>
<polygon fill="#ff3e3e" stroke="#ff3e3e" points="98.11,-358.98 98.45,-348.39 91.58,-356.45 98.11,-358.98"/>
</g>
<!-- stmt4_1&#45;&gt;stmt4_4 -->
<g id="edge10" class="edge regular">
<title>stmt4_1:n&#45;&gt;stmt4_4:s</title>
<path fill="none" stroke="#2592a1" stroke-width="2" d="M145.64,-196.79C151.29,-196.05 157.9,-192.84 162,-188.58 168.66,-181.67 165.61,-175.88 162,-166.98 153.61,-146.3 135.39,-151.66 127,-130.98 123.39,-122.09 125.95,-118.92 127,-109.38 128.79,-93.09 133.21,-89.67 135,-73.38 138.14,-44.75 154.98,-29.32 135,-8.58 126.67,0.07 108,4.43 108,-7.58"/>
<polygon fill="#2592a1" stroke="#2592a1" stroke-width="2" points="147.75,-193.99 137.51,-191.28 143.82,-199.79 147.75,-193.99"/>
</g>
<!-- stmt4_2 -->
<g id="node10" class="node default">
<title>stmt4_2</title>
<polygon fill="#707070" stroke="#000000" points="190,-130.98 136,-130.98 136,-109.38 190,-109.38 190,-130.98"/>
</g>
<!-- stmt4_1&#45;&gt;stmt4_2 -->
<g id="edge7" class="edge regular">
<title>stmt4_1:s&#45;&gt;stmt4_2:n</title>
<path fill="none" stroke="#2592a1" d="M135,-166.98C135,-151.46 151.41,-150.49 159.11,-141.78"/>
<polygon fill="#2592a1" stroke="#2592a1" points="162.39,-143 162.49,-132.4 155.8,-140.63 162.39,-143"/>
</g>
<!-- stmt4_2&#45;&gt;return4_2 -->
<g id="edge8" class="edge consequence">
<title>stmt4_2:s&#45;&gt;return4_2:n</title>
<path fill="none" stroke="#4ce34c" d="M163,-109.38C163,-90.62 174.22,-85.19 178.43,-71.42"/>
<polygon fill="#4ce34c" stroke="#4ce34c" points="181.86,-72.19 179.79,-61.8 174.93,-71.21 181.86,-72.19"/>
</g>
<!-- stmt4_2&#45;&gt;stmt4_4 -->
<g id="edge9" class="edge alternative">
<title>stmt4_2:s&#45;&gt;stmt4_4:n</title>
<path fill="none" stroke="#ff3e3e" d="M163,-109.38C163,-84.96 124.57,-96.63 111.96,-84.05"/>
<polygon fill="#ff3e3e" stroke="#ff3e3e" points="115.29,-82.96 108.53,-74.8 108.72,-85.39 115.29,-82.96"/>
</g>
</g>
</svg>
</div>"
`;

exports[`Render DOT-CFG Samples Render CFG with clusters 1`] = `
"<div class="undefined"><?xml version="1.0" encoding="UTF-8" standalone="no"?>
<!DOCTYPE svg PUBLIC "-//W3C//DTD SVG 1.1//EN"
 "http://www.w3.org/Graphics/SVG/1.1/DTD/svg11.dtd">
<!-- Generated by graphviz version 12.2.1 (0)
 -->
<!-- Pages: 1 -->
<svg width="220pt" height="270pt"
 viewBox="0.00 0.00 220.00 269.60" xmlns="http://www.w3.org/2000/svg" xmlns:xlink="http://www.w3.org/1999/xlink">
<g id="graph0" class="graph" transform="scale(1 1) rotate(0) translate(4 265.6)">
<polygon fill="#1e1e1e" stroke="none" points="-4,4 -4,-265.6 216,-265.6 216,4 -4,4"/>
<g id="clust1" class="cluster tryComplex">
<title>cluster_tryComplex</title>
<polygon fill="#344c74" stroke="#302e2e" stroke-width="0" points="8,-41.6 8,-220 204,-220 204,-41.6 8,-41.6"/>
</g>
<g id="clust2" class="cluster try">
<title>cluster_try</title>
<polygon fill="#1b5f1b" stroke="#302e2e" stroke-width="0" points="113,-171.2 113,-212 183,-212 183,-171.2 113,-171.2"/>
</g>
<g id="clust3" class="cluster except">
<title>cluster_except</title>
<polygon fill="#590c0c" stroke="#302e2e" stroke-width="0" points="16,-110.4 16,-151.2 118,-151.2 118,-110.4 16,-110.4"/>
</g>
<g id="clust4" class="cluster tryComplex">
<title>cluster_else</title>
<polygon fill="#344c74" stroke="#302e2e" stroke-width="0" points="126,-110.4 126,-151.2 196,-151.2 196,-110.4 126,-110.4"/>
</g>
<g id="clust5" class="cluster finally">
<title>cluster_finally</title>
<polygon fill="#999918" stroke="#302e2e" stroke-width="0" points="79,-49.6 79,-90.4 149,-90.4 149,-49.6 79,-49.6"/>
</g>
<!-- TRY -->
<g id="node1" class="node default">
<title>TRY</title>
<polygon fill="#707070" stroke="#000000" points="175,-204 121,-204 121,-179.2 175,-179.2 175,-204"/>
<text text-anchor="middle" x="148" y="-187.4" font-family="sans-serif" font-size="14.00">try</text>
</g>
<!-- EXCEPT -->
<g id="node2" class="node default">
<title>EXCEPT</title>
<polygon fill="#707070" stroke="#000000" points="109.98,-143.2 24.02,-143.2 24.02,-118.4 109.98,-118.4 109.98,-143.2"/>
<text text-anchor="middle" x="67" y="-126.6" font-family="sans-serif" font-size="14.00">except/catch</text>
</g>
<!-- TRY&#45;&gt;EXCEPT -->
<!-- ELSE -->
<g id="node3" class="node default">
<title>ELSE</title>
<polygon fill="#707070" stroke="#000000" points="188,-143.2 134,-143.2 134,-118.4 188,-118.4 188,-143.2"/>
<text text-anchor="middle" x="161" y="-126.6" font-family="sans-serif" font-size="14.00">else</text>
</g>
<!-- TRY&#45;&gt;ELSE -->
<g id="edge3" class="edge regular">
<title>TRY:s&#45;&gt;ELSE:n</title>
<path fill="none" stroke="#2592a1" d="M148,-178.2C148,-166.57 154.72,-162.45 158.49,-155.05"/>
<polygon fill="#2592a1" stroke="#2592a1" points="161.82,-156.21 160.66,-145.67 155,-154.63 161.82,-156.21"/>
</g>
<!-- FINALLY -->
<g id="node4" class="node default">
<title>FINALLY</title>
<polygon fill="#707070" stroke="#000000" points="141,-82.4 87,-82.4 87,-57.6 141,-57.6 141,-82.4"/>
<text text-anchor="middle" x="114" y="-65.8" font-family="sans-serif" font-size="14.00">finally</text>
</g>
<!-- EXCEPT&#45;&gt;FINALLY -->
<g id="edge5" class="edge regular">
<title>EXCEPT:s&#45;&gt;FINALLY:n</title>
<path fill="none" stroke="#2592a1" d="M67,-117.4C67,-96.45 98.03,-104.12 109.66,-93.9"/>
<polygon fill="#2592a1" stroke="#2592a1" points="112.84,-95.38 113.42,-84.8 106.37,-92.71 112.84,-95.38"/>
</g>
<!-- ELSE&#45;&gt;FINALLY -->
<g id="edge4" class="edge regular">
<title>ELSE:s&#45;&gt;FINALLY:n</title>
<path fill="none" stroke="#2592a1" d="M161,-117.4C161,-96.45 129.97,-104.12 118.34,-93.9"/>
<polygon fill="#2592a1" stroke="#2592a1" points="121.63,-92.71 114.58,-84.8 115.16,-95.38 121.63,-92.71"/>
</g>
<!-- EXIT -->
<g id="node6" class="node default">
<title>EXIT</title>
<polygon fill="#707070" stroke="#000000" points="141,-21.6 87,-21.6 87,0 141,0 141,-21.6"/>
</g>
<!-- FINALLY&#45;&gt;EXIT -->
<g id="edge6" class="edge regular">
<title>FINALLY:s&#45;&gt;EXIT:n</title>
<path fill="none" stroke="#2592a1" d="M114,-56.6C114,-45.66 114,-40.49 114,-32.98"/>
<polygon fill="#2592a1" stroke="#2592a1" points="117.5,-33.11 114,-23.11 110.5,-33.11 117.5,-33.11"/>
</g>
<!-- ENTRY -->
<g id="node5" class="node default">
<title>ENTRY</title>
<polygon fill="#707070" stroke="#000000" points="175,-261.6 121,-261.6 121,-240 175,-240 175,-261.6"/>
</g>
<!-- ENTRY&#45;&gt;TRY -->
<g id="edge1" class="edge regular">
<title>ENTRY:s&#45;&gt;TRY:n</title>
<path fill="none" stroke="#2592a1" d="M148,-240C148,-229.06 148,-223.89 148,-216.38"/>
<polygon fill="#2592a1" stroke="#2592a1" points="151.5,-216.51 148,-206.51 144.5,-216.51 151.5,-216.51"/>
</g>
</g>
</svg>
</div>"
`;
